--------------------------------------------------------------------------------------
Timing Analyzer Summary
--------------------------------------------------------------------------------------

Type           : Worst-case tsu
Slack          : N/A
Required Time  : None
Actual Time    : 3.357 ns
From           : request_address[1]
To             : lpm_counter1:inst4|lpm_counter:lpm_counter_component|cntr_m9j:auto_generated|safe_q[1]
From Clock     : --
To Clock       : clk
Failed Paths   : 0

Type           : Worst-case tco
Slack          : N/A
Required Time  : None
Actual Time    : 16.242 ns
From           : lpm_rom0:inst45|altsyncram:altsyncram_component|altsyncram_7881:auto_generated|q_a[1]
To             : output_data_from_cache[1]
From Clock     : clk
To Clock       : --
Failed Paths   : 0

Type           : Worst-case tpd
Slack          : N/A
Required Time  : None
Actual Time    : 6.036 ns
From           : clk
To             : pin_name
From Clock     : --
To Clock       : --
Failed Paths   : 0

Type           : Worst-case th
Slack          : N/A
Required Time  : None
Actual Time    : -2.555 ns
From           : request_address[5]
To             : lpm_counter1:inst4|lpm_counter:lpm_counter_component|cntr_m9j:auto_generated|safe_q[5]
From Clock     : --
To Clock       : clk
Failed Paths   : 0

Type           : Clock Setup: 'clk'
Slack          : N/A
Required Time  : None
Actual Time    : 95.58 MHz ( period = 10.462 ns )
From           : lpm_rom0:inst45|altsyncram:altsyncram_component|altsyncram_7881:auto_generated|q_a[2]
To             : cache:inst|cache_block:inst|lpm_dff0:word3|lpm_ff:lpm_ff_component|dffs[2]
From Clock     : clk
To Clock       : clk
Failed Paths   : 0

Type           : Clock Hold: 'clk'
Slack          : Not operational: Clock Skew > Data Delay
Required Time  : None
Actual Time    : N/A
From           : lpm_counter1:inst4|lpm_counter:lpm_counter_component|cntr_m9j:auto_generated|safe_q[0]
To             : lpm_rom0:inst45|altsyncram:altsyncram_component|altsyncram_7881:auto_generated|ram_block1a0~porta_address_reg0
From Clock     : clk
To Clock       : clk
Failed Paths   : 101

Type           : Total number of failed paths
Slack          : 
Required Time  : 
Actual Time    : 
From           : 
To             : 
From Clock     : 
To Clock       : 
Failed Paths   : 101

--------------------------------------------------------------------------------------

